// Vitest Snapshot v1

exports[`renders 1`] = `
<div class="about text-secondary" data-testid="about-charon" tabindex="0" data-v-6b5b01a9="">
  <main data-v-6b5b01a9="">
    <div class="logo" data-v-6b5b01a9=""><img alt="Charon's logo" src="undefined/resources/assets/img/logo.svg" width="128" data-v-6b5b01a9=""></div>
    <p class="current-version" data-v-6b5b01a9="">Charon v1.0.0</p>
    <!--v-if-->
    <p class="author" data-v-6b5b01a9=""> Made with ❤️ by <a href="https://github.com/Dominic-github" rel="noopener" target="_blank" data-v-6b5b01a9="">Dominic</a>. </p>
    <!--v-if--><br data-testid="sponsor-list" data-v-6b5b01a9="">
    <p data-v-6b5b01a9=""> Loving Koel? Please consider supporting its development via <a href="https://github.com/users/Dominic-github/sponsorship" rel="noopener" target="_blank" data-v-6b5b01a9="">GitHub Sponsors</a>. </p>
  </main>
  <footer data-v-6b5b01a9=""><button type="button" data-testid="close-modal-btn" red="" rounded="" data-v-e368fe26="" data-v-6b5b01a9="">Close</button></footer>
</div>
`;
